c:\users\trist\desktop\graphics assignment\graphicsassignment\graphics.662ac157\x64\debug\vc143.pdb
c:\users\trist\desktop\graphics assignment\graphicsassignment\graphics.662ac157\x64\debug\vc143.idb
c:\users\trist\desktop\graphics assignment\graphicsassignment\graphics.662ac157\x64\debug\timer.obj
c:\users\trist\desktop\graphics assignment\graphicsassignment\graphics.662ac157\x64\debug\graphicshelpers.obj
c:\users\trist\desktop\graphics assignment\graphicsassignment\graphics.662ac157\x64\debug\input.obj
c:\users\trist\desktop\graphics assignment\graphicsassignment\graphics.662ac157\x64\debug\texture.obj
c:\users\trist\desktop\graphics assignment\graphicsassignment\graphics.662ac157\x64\debug\state.obj
c:\users\trist\desktop\graphics assignment\graphicsassignment\graphics.662ac157\x64\debug\mesh.obj
c:\users\trist\desktop\graphics assignment\graphicsassignment\graphics.662ac157\x64\debug\shader.obj
c:\users\trist\desktop\graphics assignment\graphicsassignment\graphics.662ac157\x64\debug\scene.obj
c:\users\trist\desktop\graphics assignment\graphicsassignment\graphics.662ac157\x64\debug\model.obj
c:\users\trist\desktop\graphics assignment\graphicsassignment\graphics.662ac157\x64\debug\cvector3.obj
c:\users\trist\desktop\graphics assignment\graphicsassignment\graphics.662ac157\x64\debug\cvector2.obj
c:\users\trist\desktop\graphics assignment\graphicsassignment\graphics.662ac157\x64\debug\cmatrix4x4.obj
c:\users\trist\desktop\graphics assignment\graphicsassignment\graphics.662ac157\x64\debug\main.obj
c:\users\trist\desktop\graphics assignment\graphicsassignment\graphics.662ac157\x64\debug\direct3dsetup.obj
c:\users\trist\desktop\graphics assignment\graphicsassignment\graphics.662ac157\x64\debug\camera.obj
c:\users\trist\desktop\graphics assignment\graphicsassignment\graphics.662ac157\x64\debug\graphicsdevice.obj
c:\users\trist\desktop\graphics assignment\graphicsassignment\graphics.662ac157\x64\debug\scenemanager.obj
c:\users\trist\desktop\graphics assignment\graphicsassignment\colourshiftnormalmapping_ps.cso
c:\users\trist\desktop\graphics assignment\graphicsassignment\colourshift_ps.cso
c:\users\trist\desktop\graphics assignment\graphicsassignment\depthonly_ps.cso
c:\users\trist\desktop\graphics assignment\graphicsassignment\lightmodel_ps.cso
c:\users\trist\desktop\graphics assignment\graphicsassignment\basictransform_vs.cso
c:\users\trist\desktop\graphics assignment\graphicsassignment\normalmapping_ps.cso
c:\users\trist\desktop\graphics assignment\graphicsassignment\normalmapping_vs.cso
c:\users\trist\desktop\graphics assignment\graphicsassignment\parallaxmapping_ps.cso
c:\users\trist\desktop\graphics assignment\graphicsassignment\parallaxmapping_vs.cso
c:\users\trist\desktop\graphics assignment\graphicsassignment\shadowmapping_ps.cso
c:\users\trist\desktop\graphics assignment\graphicsassignment\shadowmapping_vs.cso
c:\users\trist\desktop\graphics assignment\graphicsassignment\cubemap_vs.cso
c:\users\trist\desktop\graphics assignment\graphicsassignment\cubemap_ps.cso
c:\users\trist\desktop\graphics assignment\graphicsassignment\graphicsassignment.exe
c:\users\trist\desktop\graphics assignment\graphicsassignment\graphicsassignment.pdb
c:\users\trist\desktop\graphics assignment\graphicsassignment\graphics.662ac157\x64\debug\graphicsassignment.ilk
c:\users\trist\desktop\graphics assignment\graphicsassignment\\graphicsassignment.pdb
c:\users\trist\desktop\graphics assignment\graphicsassignment\graphics.662ac157\x64\debug\graphics.662ac157.tlog\cl.command.1.tlog
c:\users\trist\desktop\graphics assignment\graphicsassignment\graphics.662ac157\x64\debug\graphics.662ac157.tlog\cl.items.tlog
c:\users\trist\desktop\graphics assignment\graphicsassignment\graphics.662ac157\x64\debug\graphics.662ac157.tlog\cl.read.1.tlog
c:\users\trist\desktop\graphics assignment\graphicsassignment\graphics.662ac157\x64\debug\graphics.662ac157.tlog\cl.write.1.tlog
c:\users\trist\desktop\graphics assignment\graphicsassignment\graphics.662ac157\x64\debug\graphics.662ac157.tlog\fxc.command.1.tlog
c:\users\trist\desktop\graphics assignment\graphicsassignment\graphics.662ac157\x64\debug\graphics.662ac157.tlog\fxc.read.1.tlog
c:\users\trist\desktop\graphics assignment\graphicsassignment\graphics.662ac157\x64\debug\graphics.662ac157.tlog\fxc.write.1.tlog
c:\users\trist\desktop\graphics assignment\graphicsassignment\graphics.662ac157\x64\debug\graphics.662ac157.tlog\link.command.1.tlog
c:\users\trist\desktop\graphics assignment\graphicsassignment\graphics.662ac157\x64\debug\graphics.662ac157.tlog\link.read.1.tlog
c:\users\trist\desktop\graphics assignment\graphicsassignment\graphics.662ac157\x64\debug\graphics.662ac157.tlog\link.secondary.1.tlog
c:\users\trist\desktop\graphics assignment\graphicsassignment\graphics.662ac157\x64\debug\graphics.662ac157.tlog\link.write.1.tlog
